[www.cl-rp.com/index.html]
[backblue.gif]
[fade.gif]
[index.html]
[www.cl-rp.com/assets/img/favicon.png]
[www.cl-rp.com/assets/img/apple-touch-icon.png]
[www.cl-rp.com/assets/vendor/bootstrap/css/bootstrap.min.css]
[www.cl-rp.com/assets/vendor/icofont/icofont.min.css]
[www.cl-rp.com/assets/vendor/boxicons/css/boxicons.min.css]
[www.cl-rp.com/assets/vendor/venobox/venobox.css]
[www.cl-rp.com/assets/vendor/owl.carousel/assets/owl.carousel.min.css]
[www.cl-rp.com/assets/vendor/aos/aos.css]
[cdn.jsdelivr.net/npm/clipboard@2.0.8/dist/clipboard.min.js]
[www.cl-rp.com/assets/css/style.css]
[www.cl-rp.com/tienda/index.html]
[www.cl-rp.com/foro/index.html]
[www.cl-rp.com/imagenes/samp.png]
[www.cl-rp.com/foro/index-2.html]
[www.cl-rp.com/tienda/index-2.html]
[www.cl-rp.com/imagenes/clrpv.png]
[code.jquery.com/jquery-3.5.1.js]
[www.cl-rp.com/assets/vendor/bootstrap/js/bootstrap.bundle.min.js]
[www.cl-rp.com/assets/vendor/jquery.easing/jquery.easing.min.js]
[www.cl-rp.com/assets/vendor/waypoints/jquery.waypoints.min.js]
[www.cl-rp.com/assets/vendor/counterup/counterup.min.js]
[www.cl-rp.com/assets/vendor/isotope-layout/isotope.pkgd.min.js]
[www.cl-rp.com/assets/vendor/venobox/venobox.min.js]
[www.cl-rp.com/assets/vendor/typed.js/typed.min.js]
[www.cl-rp.com/assets/vendor/aos/aos.js]
[www.cl-rp.com/assets/js/main.js]
[www.cl-rp.com/index.html]
[www.cl-rp.com/assets/vendor/bootstrap/css/bootstrap.min.css]
[www.cl-rp.com/assets/vendor/icofont/fonts/icofont.woff]
[www.cl-rp.com/assets/vendor/icofont/icofont.min.css]
[www.cl-rp.com/assets/vendor/boxicons/fonts/boxicons.eot]
[www.cl-rp.com/assets/vendor/boxicons/fonts/boxicons.woff]
[www.cl-rp.com/assets/vendor/boxicons/fonts/boxicons.ttf]
[www.cl-rp.com/assets/vendor/boxicons/css/boxicons.min.css]
[www.cl-rp.com/assets/vendor/venobox/venobox.css]
[www.cl-rp.com/assets/vendor/owl.carousel/assets/owl.video.play.png]
[www.cl-rp.com/assets/vendor/owl.carousel/assets/owl.carousel.min.css]
[www.cl-rp.com/assets/vendor/aos/aos.css]
[www.cl-rp.com/assets/css/mc/minecraft-webfont.woff]
[www.cl-rp.com/assets/img/hero-bg.jpg]
[www.cl-rp.com/assets/css/style.css]
[www.cl-rp.com/tienda/assets/img/favicon.png]
[www.cl-rp.com/tienda/assets/img/apple-touch-icon.png]
[www.cl-rp.com/tienda/assets/vendor/bootstrap/css/bootstrap.min.css]
[www.cl-rp.com/tienda/assets/vendor/icofont/icofont.min.css]
[www.cl-rp.com/tienda/assets/vendor/boxicons/css/boxicons.min.css]
[www.cl-rp.com/tienda/assets/vendor/venobox/venobox.css]
[www.cl-rp.com/tienda/assets/vendor/owl.carousel/assets/owl.carousel.min.css]
[www.cl-rp.com/tienda/assets/vendor/aos/aos.css]
[www.cl-rp.com/tienda/assets/css/style.css]
[www.cl-rp.com/tienda/imagenes/hotsale/empren.png]
[www.cl-rp.com/tienda/imagenes/hotsale/mapeo.png]
[www.cl-rp.com/tienda/imagenes/hotsale/npc.png]
[www.cl-rp.com/tienda/imagenes/hotsale/packnpc.png]
[www.cl-rp.com/tienda/imagenes/hotsale/negocios.png]
[www.cl-rp.com/tienda/imagenes/hotsale/casahot.png]
[www.cl-rp.com/tienda/imagenes/hotsale/clfans.png]
[www.cl-rp.com/tienda/imagenes/autos/Vehicle_568.jpg]
[www.cl-rp.com/tienda/imagenes/autos/Vehicle_562.jpg]
[www.cl-rp.com/tienda/imagenes/autos/Vehicle_409.jpg]
[www.cl-rp.com/tienda/imagenes/autos/Vehicle_603.jpg]
[www.cl-rp.com/tienda/imagenes/autos/Vehicle_502.jpg]
[www.cl-rp.com/tienda/imagenes/autos/Vehicle_565.jpg]
[www.cl-rp.com/tienda/imagenes/autos/Vehicle_484.jpg]
[www.cl-rp.com/tienda/imagenes/autos/Vehicle_519.jpg]
[www.cl-rp.com/tienda/imagenes/autos/Vehicle_487.jpg]
[www.cl-rp.com/tienda/imagenes/autos/Vehicle_451.jpg]
[www.cl-rp.com/tienda/imagenes/autos/Vehicle_411.jpg]
[www.cl-rp.com/tienda/imagenes/autos/Vehicle_541.jpg]
[www.cl-rp.com/tienda/imagenes/autos/Vehicle_560.jpg]
[www.cl-rp.com/tienda/imagenes/autos/Vehicle_415.jpg]
[www.cl-rp.com/tienda/imagenes/autos/Vehicle_506.jpg]
[www.cl-rp.com/tienda/imagenes/autos/Vehicle_429.jpg]
[www.cl-rp.com/tienda/imagenes/autos/Vehicle_402.jpg]
[www.cl-rp.com/tienda/imagenes/autos/Vehicle_470.jpg]
[www.cl-rp.com/tienda/imagenes/autos/Vehicle_477.jpg]
[www.cl-rp.com/tienda/imagenes/autos/Vehicle_480.jpg]
[www.cl-rp.com/tienda/imagenes/autos/Vehicle_495.jpg]
[www.cl-rp.com/tienda/imagenes/autos/Vehicle_500.jpg]
[www.cl-rp.com/tienda/imagenes/autos/Vehicle_504.jpg]
[www.cl-rp.com/tienda/imagenes/autos/Vehicle_545.jpg]
[www.cl-rp.com/tienda/imagenes/autos/Vehicle_478.jpg]
[www.cl-rp.com/tienda/imagenes/autos/Vehicle_444.jpg]
[www.cl-rp.com/tienda/imagenes/autos/Vehicle_434.jpg]
[www.cl-rp.com/tienda/imagenes/autos/Vehicle_424.jpg]
[www.cl-rp.com/tienda/imagenes/autos/Vehicle_454.jpg]
[www.cl-rp.com/tienda/imagenes/autos/Vehicle_453.jpg]
[www.cl-rp.com/tienda/imagenes/autos/Vehicle_452.jpg]
[www.cl-rp.com/tienda/imagenes/autos/Vehicle_593.jpg]
[www.cl-rp.com/tienda/imagenes/autos/Vehicle_577.jpg]
[www.cl-rp.com/tienda/terminos.pdf]
[www.cl-rp.com/tienda/assets/vendor/jquery/jquery.countdown.js]
[www.cl-rp.com/tienda/assets/vendor/bootstrap/js/bootstrap.bundle.min.js]
[www.cl-rp.com/tienda/assets/vendor/jquery.easing/jquery.easing.min.js]
[www.cl-rp.com/tienda/assets/vendor/php-email-form/validate.js]
[www.cl-rp.com/tienda/assets/vendor/waypoints/jquery.waypoints.min.js]
[www.cl-rp.com/tienda/assets/vendor/counterup/counterup.min.js]
[www.cl-rp.com/tienda/assets/vendor/isotope-layout/isotope.pkgd.min.js]
[www.cl-rp.com/tienda/assets/vendor/venobox/venobox.min.js]
[www.cl-rp.com/tienda/assets/vendor/owl.carousel/owl.carousel.min.js]
[www.cl-rp.com/tienda/assets/vendor/typed.js/typed.min.js]
[www.cl-rp.com/tienda/assets/vendor/aos/aos.js]
[www.cl-rp.com/tienda/assets/js/ppx.js]
[www.cl-rp.com/tienda/assets/js/pp.js]
[www.cl-rp.com/tienda/assets/js/main.js]
[www.cl-rp.com/tienda/index.html]
[cl-rp.com/foro/Themes/NightBreeze20/css/index7b35.css]
[cl-rp.com/foro/Themes/NightBreeze20/css/responsive7b35.css]
[use.fontawesome.com/releases/v5.11.2/css/all.css]
[cl-rp.com/foro/Themes/NightBreeze20/css/tooltipster.bundle.min.css]
[cl-rp.com/foro/Themes/NightBreeze20/css/tooltipster-sideTip-borderless.min.css]
[code.jquery.com/jquery-3.2.1.min.js]
[cl-rp.com/foro/Themes/NightBreeze20/scripts/tooltipster.bundle.min.js]
[cl-rp.com/foro/Themes/NightBreeze20/css/notwebkit.css]
[cl-rp.com/foro/Themes/default/scripts/script7b35.js]
[cl-rp.com/foro/Themes/NightBreeze20/scripts/theme7b35.js]
[www.google.com/recaptcha/api.js]
[cl-rp.com/foro/Themes/default/css/recaptcha.css]
[cl-rp.com/foro/Themes/default/css/BBCode-YouTube2.css]
[cl-rp.com/foro/Themes/default/css/jquery.qtip.css]
[cl-rp.com/foro/Themes/default/css/user_info.css]
[ajax.googleapis.com/ajax/libs/jquery/1.8/jquery.min.js]
[cl-rp.com/foro/Themes/default/scripts/jquery.qtip.min.js]
[cl-rp.com/foro/Themes/NightBreeze20/images/redirect.png]
[cl-rp.com/foro/Themes/NightBreeze20/images/off.png]
[cl-rp.com/foro/Themes/NightBreeze20/images/new_none.png]
[cl-rp.com/foro/Themes/NightBreeze20/images/new_redirect.png]
[cl-rp.com/foro/Themes/default/scripts/sha1.js]
[www.cl-rp.com/foro/index.html]
[www.cl-rp.com/foro/index-2.html]
[www.cl-rp.com/tienda/index-2.html]
[www.cl-rp.com/assets/vendor/icofont/fonts/icofont.html]
[www.cl-rp.com/assets/vendor/boxicons/fonts/boxicons.html]
[www.cl-rp.com/assets/vendor/boxicons/fonts/boxiconsd41d.svg]
[www.cl-rp.com/assets/css/mc/minecraft-webfont.html]
[www.cl-rp.com/tienda/assets/vendor/bootstrap/css/bootstrap.min.css]
[www.cl-rp.com/tienda/assets/vendor/icofont/fonts/icofont.woff]
[www.cl-rp.com/tienda/assets/vendor/icofont/icofont.min.css]
[www.cl-rp.com/tienda/assets/vendor/boxicons/fonts/boxicons.eot]
[www.cl-rp.com/tienda/assets/vendor/boxicons/fonts/boxicons.woff]
[www.cl-rp.com/tienda/assets/vendor/boxicons/fonts/boxicons.ttf]
[www.cl-rp.com/tienda/assets/vendor/boxicons/css/boxicons.min.css]
[www.cl-rp.com/tienda/assets/vendor/venobox/venobox.css]
[www.cl-rp.com/tienda/assets/vendor/owl.carousel/assets/owl.video.play.png]
[www.cl-rp.com/tienda/assets/vendor/owl.carousel/assets/owl.carousel.min.css]
[www.cl-rp.com/tienda/assets/vendor/aos/aos.css]
[www.cl-rp.com/tienda/imagenes/hero-bg.jpg]
[www.cl-rp.com/tienda/assets/img/hero-bg.jpg]
[www.cl-rp.com/tienda/assets/css/style.css]
[cl-rp.com/foro/Themes/NightBreeze20/images/theme/quote.png]
[cl-rp.com/foro/Themes/NightBreeze20/images/openid.gif]
[cl-rp.com/foro/Themes/NightBreeze20/images/theme/loadingbar.png]
[cl-rp.com/foro/Themes/NightBreeze20/images/custom/header.jpg]
[cl-rp.com/foro/Themes/NightBreeze20/images/custom/02.png]
[cl-rp.com/foro/Themes/NightBreeze20/images/icons/quick_sticky.png]
[cl-rp.com/foro/Themes/NightBreeze20/images/icons/quick_lock.png]
[cl-rp.com/foro/Themes/NightBreeze20/images/icons/quick_sticky_lock.png]
[cl-rp.com/foro/Themes/NightBreeze20/images/stats_pie.png]
[cl-rp.com/foro/Themes/NightBreeze20/css/index7b35.css]
[cl-rp.com/foro/Themes/NightBreeze20/css/responsive7b35.css]
[use.fontawesome.com/releases/v5.11.2/css/all.css]
[cl-rp.com/foro/Themes/NightBreeze20/css/tooltipster.bundle.min.css]
[cl-rp.com/foro/Themes/NightBreeze20/css/tooltipster-sideTip-borderless.min.css]
[cl-rp.com/foro/Themes/NightBreeze20/css/notwebkit.css]
[cl-rp.com/foro/Themes/default/css/recaptcha.css]
[cl-rp.com/foro/Themes/default/css/BBCode-YouTube2.css]
[cl-rp.com/foro/Themes/default/css/jquery.qtip.css]
[cl-rp.com/foro/Themes/default/css/user_info.css]
[www.cl-rp.com/tienda/assets/vendor/icofont/fonts/icofont.html]
[www.cl-rp.com/tienda/assets/vendor/boxicons/fonts/boxicons.html]
[www.cl-rp.com/tienda/assets/vendor/boxicons/fonts/boxiconsd41d.svg]
